// Jest Snapshot v1, https://goo.gl/fbAQLP

exports[`StHeaderComponent should match the snapshot 1`] = `
<div
  id="root1"
>
  <ion-header
    class="st-header"
    no-border=""
  >
    
    
  </ion-header>
</div>
`;
